ASxxxx Linker V03.00 + NoICE + sdld,  page 1.
Hexadecimal  [32-Bits]

Area                                    Addr        Size        Decimal Bytes (Attributes)
--------------------------------        ----        ----        ------- ----- ------------
CABS                                00000000    00000000 =           0. bytes (ABS,CON,CODE)

      Value  Global                              Global Defined In Module
      -----  --------------------------------   ------------------------
C:   00000000  l_CABS                          
C:   00000000  l_GSINIT1                       
C:   00000000  l_GSINIT5                       
C:   00000000  l_IABS                          
C:   00000000  l_ISEG                          
C:   00000000  l_PSEG                          
C:   00000000  l_REG_BANK_1                    
C:   00000000  l_REG_BANK_2                    
C:   00000000  l_REG_BANK_3                    
C:   00000000  l_RSEG                          
C:   00000000  l_RSEG0                         
C:   00000000  l_RSEG1                         
C:   00000000  l_XABS                          
C:   00000000  l_XINIT                         
C:   00000000  l_XISEG                         
C:   00000000  l_XSEG                          
C:   00000000  l__CODE                         
C:   00000000  s_BSEG                          
C:   00000000  s_CABS                          
C:   00000000  s_DSEG                          
C:   00000000  s_HOME                          
C:   00000000  s_IABS                          
C:   00000000  s_ISEG                          
C:   00000000  s_REG_BANK_0                    
C:   00000000  s_RSEG                          
C:   00000000  s_RSEG0                         
C:   00000000  s_RSEG1                         
C:   00000000  s_XABS                          
C:   00000001  l_BIT_BANK                      
C:   00000001  s_PSEG                          
C:   00000001  s_XISEG                         
C:   00000001  s_XSEG                          
C:   00000002  l_OSEG                          
C:   00000003  l_BSEG_BYTES                    
C:   00000003  l_GSFINAL                       
C:   00000003  l_GSINIT0                       
C:   00000008  l_REG_BANK_0                    
C:   00000008  s_REG_BANK_1                    
C:   0000000A  l_GSINIT2                       
C:   00000010  s_REG_BANK_2                    
C:   00000012  l_GSINIT                        
C:   00000013  l_BSEG                          
C:   00000015  s_OSEG                          
C:   00000018  s_REG_BANK_3                    
C:   00000020  s_BSEG_BYTES                    
C:   00000020  s__CODE                         
C:   00000022  l_GSINIT3                       
C:   00000023  s_BIT_BANK                      
C:   00000024  s_SSEG                          
C:   0000002A  l_GSINIT4                       
ASxxxx Linker V03.00 + NoICE + sdld,  page 2.
Hexadecimal  [32-Bits]

Area                                    Addr        Size        Decimal Bytes (Attributes)
--------------------------------        ----        ----        ------- ----- ------------
CABS                                00000000    00000000 =           0. bytes (ABS,CON,CODE)

      Value  Global                              Global Defined In Module
      -----  --------------------------------   ------------------------
C:   00000077  l_DSEG                          
C:   00000089  l_HOME                          
C:   00000089  s_GSINIT0                       
C:   0000008C  s_GSINIT1                       
C:   0000008C  s_GSINIT2                       
C:   00000096  s_GSINIT3                       
C:   000000B8  s_GSINIT4                       
C:   000000DC  l_SSEG                          
C:   000000E2  s_GSINIT                        
C:   000000E2  s_GSINIT5                       
C:   000000F4  s_GSFINAL                       
C:   000000F7  s_CSEG                          
C:   00000100  l_IRAM                          
C:   0000047B  l_CONST                         
C:   00000FD3  l_CSEG                          
C:   000010CA  s_CONST                         
C:   00001545  s_XINIT                         

ASxxxx Linker V03.00 + NoICE + sdld,  page 3.
Hexadecimal  [32-Bits]

Area                                    Addr        Size        Decimal Bytes (Attributes)
--------------------------------        ----        ----        ------- ----- ------------
.  .ABS.                            00000000    00000000 =           0. bytes (ABS,CON)

      Value  Global                              Global Defined In Module
      -----  --------------------------------   ------------------------
     00000000  .__.ABS.                           _startup
     00000080  G$P0$0$0                           main
     00000080  G$P0_0$0$0                         main
     00000080  _P0                                main
     00000080  _P0_0                              main
     00000081  G$P0_1$0$0                         main
     00000081  G$SP$0$0                           main
     00000081  _P0_1                              main
     00000081  _SP                                main
     00000082  G$DPL$0$0                          main
     00000082  G$P0_2$0$0                         main
     00000082  _DPL                               main
     00000082  _P0_2                              main
     00000083  G$DPH$0$0                          main
     00000083  G$P0_3$0$0                         main
     00000083  _DPH                               main
     00000083  _P0_3                              main
     00000084  G$P0_4$0$0                         main
     00000084  G$SFRPAGE$0$0                      main
     00000084  _P0_4                              main
     00000084  _SFRPAGE                           main
     00000085  G$P0_5$0$0                         main
     00000085  G$SFRNEXT$0$0                      main
     00000085  _P0_5                              main
     00000085  _SFRNEXT                           main
     00000086  G$P0_6$0$0                         main
     00000086  G$SFRLAST$0$0                      main
     00000086  _P0_6                              main
     00000086  _SFRLAST                           main
     00000087  G$P0_7$0$0                         main
     00000087  G$PCON$0$0                         main
     00000087  _P0_7                              main
     00000087  _PCON                              main
     00000088  G$CP0HYN0$0$0                      main
     00000088  G$CP1HYN0$0$0                      main
     00000088  G$CP2HYN0$0$0                      main
     00000088  G$CPT0CN$0$0                       main
     00000088  G$CPT1CN$0$0                       main
     00000088  G$CPT2CN$0$0                       main
     00000088  G$IT0$0$0                          main
     00000088  G$TCON$0$0                         main
     00000088  _CP0HYN0                           main
     00000088  _CP1HYN0                           main
     00000088  _CP2HYN0                           main
     00000088  _CPT0CN                            main
     00000088  _CPT1CN                            main
     00000088  _CPT2CN                            main
     00000088  _IT0                               main
     00000088  _TCON                              main
     00000089  G$CP0HYN1$0$0                      main
ASxxxx Linker V03.00 + NoICE + sdld,  page 4.
Hexadecimal  [32-Bits]

Area                                    Addr        Size        Decimal Bytes (Attributes)
--------------------------------        ----        ----        ------- ----- ------------
.  .ABS.                            00000000    00000000 =           0. bytes (ABS,CON)

      Value  Global                              Global Defined In Module
      -----  --------------------------------   ------------------------
     00000089  G$CP1HYN1$0$0                      main
     00000089  G$CP2HYN1$0$0                      main
     00000089  G$CPT0MD$0$0                       main
     00000089  G$CPT1MD$0$0                       main
     00000089  G$CPT2MD$0$0                       main
     00000089  G$IE0$0$0                          main
     00000089  G$TMOD$0$0                         main
     00000089  _CP0HYN1                           main
     00000089  _CP1HYN1                           main
     00000089  _CP2HYN1                           main
     00000089  _CPT0MD                            main
     00000089  _CPT1MD                            main
     00000089  _CPT2MD                            main
     00000089  _IE0                               main
     00000089  _TMOD                              main
     0000008A  G$CP0HYP0$0$0                      main
     0000008A  G$CP1HYP0$0$0                      main
     0000008A  G$CP2HYP0$0$0                      main
     0000008A  G$IT1$0$0                          main
     0000008A  G$OSCICN$0$0                       main
     0000008A  G$TL0$0$0                          main
     0000008A  _CP0HYP0                           main
     0000008A  _CP1HYP0                           main
     0000008A  _CP2HYP0                           main
     0000008A  _IT1                               main
     0000008A  _OSCICN                            main
     0000008A  _TL0                               main
     0000008B  G$CP0HYP1$0$0                      main
     0000008B  G$CP1HYP1$0$0                      main
     0000008B  G$CP2HYP1$0$0                      main
     0000008B  G$IE1$0$0                          main
     0000008B  G$OSCICL$0$0                       main
     0000008B  G$TL1$0$0                          main
     0000008B  _CP0HYP1                           main
     0000008B  _CP1HYP1                           main
     0000008B  _CP2HYP1                           main
     0000008B  _IE1                               main
     0000008B  _OSCICL                            main
     0000008B  _TL1                               main
     0000008C  G$CP0FIF$0$0                       main
     0000008C  G$CP1FIF$0$0                       main
     0000008C  G$CP2FIF$0$0                       main
     0000008C  G$OSCXCN$0$0                       main
     0000008C  G$TH0$0$0                          main
     0000008C  G$TR0$0$0                          main
     0000008C  _CP0FIF                            main
     0000008C  _CP1FIF                            main
     0000008C  _CP2FIF                            main
     0000008C  _OSCXCN                            main
     0000008C  _TH0                               main
     0000008C  _TR0                               main
ASxxxx Linker V03.00 + NoICE + sdld,  page 5.
Hexadecimal  [32-Bits]

Area                                    Addr        Size        Decimal Bytes (Attributes)
--------------------------------        ----        ----        ------- ----- ------------
.  .ABS.                            00000000    00000000 =           0. bytes (ABS,CON)

      Value  Global                              Global Defined In Module
      -----  --------------------------------   ------------------------
     0000008D  G$CP0RIF$0$0                       main
     0000008D  G$CP1RIF$0$0                       main
     0000008D  G$CP2RIF$0$0                       main
     0000008D  G$TF0$0$0                          main
     0000008D  G$TH1$0$0                          main
     0000008D  _CP0RIF                            main
     0000008D  _CP1RIF                            main
     0000008D  _CP2RIF                            main
     0000008D  _TF0                               main
     0000008D  _TH1                               main
     0000008E  G$CKCON$0$0                        main
     0000008E  G$CP0OUT$0$0                       main
     0000008E  G$CP1OUT$0$0                       main
     0000008E  G$CP2OUT$0$0                       main
     0000008E  G$TR1$0$0                          main
     0000008E  _CKCON                             main
     0000008E  _CP0OUT                            main
     0000008E  _CP1OUT                            main
     0000008E  _CP2OUT                            main
     0000008E  _TR1                               main
     0000008F  G$CP0EN$0$0                        main
     0000008F  G$CP1EN$0$0                        main
     0000008F  G$CP2EN$0$0                        main
     0000008F  G$PSCTL$0$0                        main
     0000008F  G$TF1$0$0                          main
     0000008F  _CP0EN                             main
     0000008F  _CP1EN                             main
     0000008F  _CP2EN                             main
     0000008F  _PSCTL                             main
     0000008F  _TF1                               main
     00000090  G$P1$0$0                           main
     00000090  G$P1_0$0$0                         main
     00000090  _P1                                main
     00000090  _P1_0                              main
     00000091  G$P1_1$0$0                         main
     00000091  G$SSTA0$0$0                        main
     00000091  _P1_1                              main
     00000091  _SSTA0                             main
     00000092  G$P1_2$0$0                         main
     00000092  _P1_2                              main
     00000093  G$P1_3$0$0                         main
     00000093  _P1_3                              main
     00000094  G$P1_4$0$0                         main
     00000094  _P1_4                              main
     00000095  G$P1_5$0$0                         main
     00000095  _P1_5                              main
     00000096  G$P1_6$0$0                         main
     00000096  G$SFRPGCN$0$0                      main
     00000096  _P1_6                              main
     00000096  _SFRPGCN                           main
     00000097  G$CLKSEL$0$0                       main
ASxxxx Linker V03.00 + NoICE + sdld,  page 6.
Hexadecimal  [32-Bits]

Area                                    Addr        Size        Decimal Bytes (Attributes)
--------------------------------        ----        ----        ------- ----- ------------
.  .ABS.                            00000000    00000000 =           0. bytes (ABS,CON)

      Value  Global                              Global Defined In Module
      -----  --------------------------------   ------------------------
     00000097  G$P1_7$0$0                         main
     00000097  _CLKSEL                            main
     00000097  _P1_7                              main
     00000098  G$RI0$0$0                          main
     00000098  G$RI1$0$0                          main
     00000098  G$SCON0$0$0                        main
     00000098  G$SCON1$0$0                        main
     00000098  _RI0                               main
     00000098  _RI1                               main
     00000098  _SCON0                             main
     00000098  _SCON1                             main
     00000099  G$SBUF0$0$0                        main
     00000099  G$SBUF1$0$0                        main
     00000099  G$TI0$0$0                          main
     00000099  G$TI1$0$0                          main
     00000099  _SBUF0                             main
     00000099  _SBUF1                             main
     00000099  _TI0                               main
     00000099  _TI1                               main
     0000009A  G$RB80$0$0                         main
     0000009A  G$RB81$0$0                         main
     0000009A  G$SPI0CFG$0$0                      main
     0000009A  _RB80                              main
     0000009A  _RB81                              main
     0000009A  _SPI0CFG                           main
     0000009B  G$SPI0DAT$0$0                      main
     0000009B  G$TB80$0$0                         main
     0000009B  G$TB81$0$0                         main
     0000009B  _SPI0DAT                           main
     0000009B  _TB80                              main
     0000009B  _TB81                              main
     0000009C  G$P4MDOUT$0$0                      main
     0000009C  G$REN0$0$0                         main
     0000009C  G$REN1$0$0                         main
     0000009C  _P4MDOUT                           main
     0000009C  _REN0                              main
     0000009C  _REN1                              main
     0000009D  G$MCE1$0$0                         main
     0000009D  G$P5MDOUT$0$0                      main
     0000009D  G$SM20$0$0                         main
     0000009D  G$SPI0CKR$0$0                      main
     0000009D  _MCE1                              main
     0000009D  _P5MDOUT                           main
     0000009D  _SM20                              main
     0000009D  _SPI0CKR                           main
     0000009E  G$P6MDOUT$0$0                      main
     0000009E  G$SM10$0$0                         main
     0000009E  _P6MDOUT                           main
     0000009E  _SM10                              main
     0000009F  G$P7MDOUT$0$0                      main
     0000009F  G$S1MODE$0$0                       main
ASxxxx Linker V03.00 + NoICE + sdld,  page 7.
Hexadecimal  [32-Bits]

Area                                    Addr        Size        Decimal Bytes (Attributes)
--------------------------------        ----        ----        ------- ----- ------------
.  .ABS.                            00000000    00000000 =           0. bytes (ABS,CON)

      Value  Global                              Global Defined In Module
      -----  --------------------------------   ------------------------
     0000009F  G$SM00$0$0                         main
     0000009F  _P7MDOUT                           main
     0000009F  _S1MODE                            main
     0000009F  _SM00                              main
     000000A0  G$P2$0$0                           main
     000000A0  G$P2_0$0$0                         main
     000000A0  _P2                                main
     000000A0  _P2_0                              main
     000000A1  G$EMI0TC$0$0                       main
     000000A1  G$P2_1$0$0                         main
     000000A1  _EMI0TC                            main
     000000A1  _P2_1                              main
     000000A2  G$EMI0CN$0$0                       main
     000000A2  G$P2_2$0$0                         main
     000000A2  G$_XPAGE$0$0                       main
     000000A2  _EMI0CN                            main
     000000A2  _P2_2                              main
     000000A2  __XPAGE                            main
     000000A3  G$EMI0CF$0$0                       main
     000000A3  G$P2_3$0$0                         main
     000000A3  _EMI0CF                            main
     000000A3  _P2_3                              main
     000000A4  G$P0MDOUT$0$0                      main
     000000A4  G$P2_4$0$0                         main
     000000A4  _P0MDOUT                           main
     000000A4  _P2_4                              main
     000000A5  G$P1MDOUT$0$0                      main
     000000A5  G$P2_5$0$0                         main
     000000A5  _P1MDOUT                           main
     000000A5  _P2_5                              main
     000000A6  G$P2MDOUT$0$0                      main
     000000A6  G$P2_6$0$0                         main
     000000A6  _P2MDOUT                           main
     000000A6  _P2_6                              main
     000000A7  G$P2_7$0$0                         main
     000000A7  G$P3MDOUT$0$0                      main
     000000A7  _P2_7                              main
     000000A7  _P3MDOUT                           main
     000000A8  G$EX0$0$0                          main
     000000A8  G$IE$0$0                           main
     000000A8  _EX0                               main
     000000A8  _IE                                main
     000000A9  G$ET0$0$0                          main
     000000A9  G$SADDR0$0$0                       main
     000000A9  G$SADDR1$0$0                       main
     000000A9  _ET0                               main
     000000A9  _SADDR0                            main
     000000A9  _SADDR1                            main
     000000AA  G$EX1$0$0                          main
     000000AA  _EX1                               main
     000000AB  G$ET1$0$0                          main
ASxxxx Linker V03.00 + NoICE + sdld,  page 8.
Hexadecimal  [32-Bits]

Area                                    Addr        Size        Decimal Bytes (Attributes)
--------------------------------        ----        ----        ------- ----- ------------
.  .ABS.                            00000000    00000000 =           0. bytes (ABS,CON)

      Value  Global                              Global Defined In Module
      -----  --------------------------------   ------------------------
     000000AB  _ET1                               main
     000000AC  G$ES0$0$0                          main
     000000AC  _ES0                               main
     000000AD  G$ET2$0$0                          main
     000000AD  G$P1MDIN$0$0                       main
     000000AD  _ET2                               main
     000000AD  _P1MDIN                            main
     000000AE  G$P2MDIN$0$0                       main
     000000AE  _P2MDIN                            main
     000000AF  G$EA$0$0                           main
     000000AF  G$P3MDIN$0$0                       main
     000000AF  _EA                                main
     000000AF  _P3MDIN                            main
     000000B0  G$P3$0$0                           main
     000000B0  G$P3_0$0$0                         main
     000000B0  _P3                                main
     000000B0  _P3_0                              main
     000000B1  G$P3_1$0$0                         main
     000000B1  _P3_1                              main
     000000B2  G$P3_2$0$0                         main
     000000B2  _P3_2                              main
     000000B3  G$P3_3$0$0                         main
     000000B3  _P3_3                              main
     000000B4  G$P3_4$0$0                         main
     000000B4  _P3_4                              main
     000000B5  G$P3_5$0$0                         main
     000000B5  _P3_5                              main
     000000B6  G$P3_6$0$0                         main
     000000B6  _P3_6                              main
     000000B7  G$FLACL$0$0                        main
     000000B7  G$FLSCL$0$0                        main
     000000B7  G$P3_7$0$0                         main
     000000B7  _FLACL                             main
     000000B7  _FLSCL                             main
     000000B7  _P3_7                              main
     000000B8  G$IP$0$0                           main
     000000B8  G$PX0$0$0                          main
     000000B8  _IP                                main
     000000B8  _PX0                               main
     000000B9  G$PT0$0$0                          main
     000000B9  G$SADEN0$0$0                       main
     000000B9  _PT0                               main
     000000B9  _SADEN0                            main
     000000BA  G$AMX0CF$0$0                       main
     000000BA  G$AMX2CF$0$0                       main
     000000BA  G$PX1$0$0                          main
     000000BA  _AMX0CF                            main
     000000BA  _AMX2CF                            main
     000000BA  _PX1                               main
     000000BB  G$AMX0SL$0$0                       main
     000000BB  G$AMX2SL$0$0                       main
ASxxxx Linker V03.00 + NoICE + sdld,  page 9.
Hexadecimal  [32-Bits]

Area                                    Addr        Size        Decimal Bytes (Attributes)
--------------------------------        ----        ----        ------- ----- ------------
.  .ABS.                            00000000    00000000 =           0. bytes (ABS,CON)

      Value  Global                              Global Defined In Module
      -----  --------------------------------   ------------------------
     000000BB  G$PT1$0$0                          main
     000000BB  _AMX0SL                            main
     000000BB  _AMX2SL                            main
     000000BB  _PT1                               main
     000000BC  G$ADC0CF$0$0                       main
     000000BC  G$ADC2CF$0$0                       main
     000000BC  G$PS0$0$0                          main
     000000BC  _ADC0CF                            main
     000000BC  _ADC2CF                            main
     000000BC  _PS0                               main
     000000BD  G$AMX0PRT$0$0                      main
     000000BD  G$PT2$0$0                          main
     000000BD  _AMX0PRT                           main
     000000BD  _PT2                               main
     000000BE  G$ADC0L$0$0                        main
     000000BE  G$ADC2$0$0                         main
     000000BE  _ADC0L                             main
     000000BE  _ADC2                              main
     000000BF  G$ADC0H$0$0                        main
     000000BF  _ADC0H                             main
     000000C0  G$CAN0STA$0$0                      main
     000000C0  G$LEC0$0$0                         main
     000000C0  G$SMB0CN$0$0                       main
     000000C0  G$SMBTOE$0$0                       main
     000000C0  _CAN0STA                           main
     000000C0  _LEC0                              main
     000000C0  _SMB0CN                            main
     000000C0  _SMBTOE                            main
     000000C1  G$LEC1$0$0                         main
     000000C1  G$SMB0STA$0$0                      main
     000000C1  G$SMBFTE$0$0                       main
     000000C1  _LEC1                              main
     000000C1  _SMB0STA                           main
     000000C1  _SMBFTE                            main
     000000C2  G$AA$0$0                           main
     000000C2  G$LEC2$0$0                         main
     000000C2  G$SMB0DAT$0$0                      main
     000000C2  _AA                                main
     000000C2  _LEC2                              main
     000000C2  _SMB0DAT                           main
     000000C3  G$SI$0$0                           main
     000000C3  G$SMB0ADR$0$0                      main
     000000C3  G$TXOK$0$0                         main
     000000C3  _SI                                main
     000000C3  _SMB0ADR                           main
     000000C3  _TXOK                              main
     000000C4  G$ADC0GTL$0$0                      main
     000000C4  G$ADC2GT$0$0                       main
     000000C4  G$RXOK$0$0                         main
     000000C4  G$STO$0$0                          main
     000000C4  _ADC0GTL                           main
ASxxxx Linker V03.00 + NoICE + sdld,  page 10.
Hexadecimal  [32-Bits]

Area                                    Addr        Size        Decimal Bytes (Attributes)
--------------------------------        ----        ----        ------- ----- ------------
.  .ABS.                            00000000    00000000 =           0. bytes (ABS,CON)

      Value  Global                              Global Defined In Module
      -----  --------------------------------   ------------------------
     000000C4  _ADC2GT                            main
     000000C4  _RXOK                              main
     000000C4  _STO                               main
     000000C5  G$ADC0GTH$0$0                      main
     000000C5  G$EPASS$0$0                        main
     000000C5  G$STA$0$0                          main
     000000C5  _ADC0GTH                           main
     000000C5  _EPASS                             main
     000000C5  _STA                               main
     000000C6  G$ADC0LTL$0$0                      main
     000000C6  G$ADC2LT$0$0                       main
     000000C6  G$ENSMB$0$0                        main
     000000C6  G$EWARN$0$0                        main
     000000C6  _ADC0LTL                           main
     000000C6  _ADC2LT                            main
     000000C6  _ENSMB                             main
     000000C6  _EWARN                             main
     000000C7  G$ADC0LTH$0$0                      main
     000000C7  G$BOFF$0$0                         main
     000000C7  G$BUSY$0$0                         main
     000000C7  _ADC0LTH                           main
     000000C7  _BOFF                              main
     000000C7  _BUSY                              main
     000000C8  G$CPRL2$0$0                        main
     000000C8  G$CPRL3$0$0                        main
     000000C8  G$CPRL4$0$0                        main
     000000C8  G$P4$0$0                           main
     000000C8  G$P4_0$0$0                         main
     000000C8  G$TMR2CN$0$0                       main
     000000C8  G$TMR3CN$0$0                       main
     000000C8  G$TMR4CN$0$0                       main
     000000C8  _CPRL2                             main
     000000C8  _CPRL3                             main
     000000C8  _CPRL4                             main
     000000C8  _P4                                main
     000000C8  _P4_0                              main
     000000C8  _TMR2CN                            main
     000000C8  _TMR3CN                            main
     000000C8  _TMR4CN                            main
     000000C9  G$CT2$0$0                          main
     000000C9  G$CT3$0$0                          main
     000000C9  G$CT4$0$0                          main
     000000C9  G$P4_1$0$0                         main
     000000C9  G$TMR2CF$0$0                       main
     000000C9  G$TMR3CF$0$0                       main
     000000C9  G$TMR4CF$0$0                       main
     000000C9  _CT2                               main
     000000C9  _CT3                               main
     000000C9  _CT4                               main
     000000C9  _P4_1                              main
     000000C9  _TMR2CF                            main
ASxxxx Linker V03.00 + NoICE + sdld,  page 11.
Hexadecimal  [32-Bits]

Area                                    Addr        Size        Decimal Bytes (Attributes)
--------------------------------        ----        ----        ------- ----- ------------
.  .ABS.                            00000000    00000000 =           0. bytes (ABS,CON)

      Value  Global                              Global Defined In Module
      -----  --------------------------------   ------------------------
     000000C9  _TMR3CF                            main
     000000C9  _TMR4CF                            main
     000000CA  G$P4_2$0$0                         main
     000000CA  G$RCAP2L$0$0                       main
     000000CA  G$RCAP3L$0$0                       main
     000000CA  G$RCAP4L$0$0                       main
     000000CA  G$TR2$0$0                          main
     000000CA  G$TR3$0$0                          main
     000000CA  G$TR4$0$0                          main
     000000CA  _P4_2                              main
     000000CA  _RCAP2L                            main
     000000CA  _RCAP3L                            main
     000000CA  _RCAP4L                            main
     000000CA  _TR2                               main
     000000CA  _TR3                               main
     000000CA  _TR4                               main
     000000CB  G$EXEN2$0$0                        main
     000000CB  G$EXEN3$0$0                        main
     000000CB  G$EXEN4$0$0                        main
     000000CB  G$P4_3$0$0                         main
     000000CB  G$RCAP2H$0$0                       main
     000000CB  G$RCAP3H$0$0                       main
     000000CB  G$RCAP4H$0$0                       main
     000000CB  _EXEN2                             main
     000000CB  _EXEN3                             main
     000000CB  _EXEN4                             main
     000000CB  _P4_3                              main
     000000CB  _RCAP2H                            main
     000000CB  _RCAP3H                            main
     000000CB  _RCAP4H                            main
     000000CC  G$P4_4$0$0                         main
     000000CC  G$TMR2L$0$0                        main
     000000CC  G$TMR3L$0$0                        main
     000000CC  G$TMR4L$0$0                        main
     000000CC  _P4_4                              main
     000000CC  _TMR2L                             main
     000000CC  _TMR3L                             main
     000000CC  _TMR4L                             main
     000000CD  G$P4_5$0$0                         main
     000000CD  G$TMR2H$0$0                        main
     000000CD  G$TMR3H$0$0                        main
     000000CD  G$TMR4H$0$0                        main
     000000CD  _P4_5                              main
     000000CD  _TMR2H                             main
     000000CD  _TMR3H                             main
     000000CD  _TMR4H                             main
     000000CE  G$EXF2$0$0                         main
     000000CE  G$EXF3$0$0                         main
     000000CE  G$EXF4$0$0                         main
     000000CE  G$P4_6$0$0                         main
     000000CE  _EXF2                              main
ASxxxx Linker V03.00 + NoICE + sdld,  page 12.
Hexadecimal  [32-Bits]

Area                                    Addr        Size        Decimal Bytes (Attributes)
--------------------------------        ----        ----        ------- ----- ------------
.  .ABS.                            00000000    00000000 =           0. bytes (ABS,CON)

      Value  Global                              Global Defined In Module
      -----  --------------------------------   ------------------------
     000000CE  _EXF3                              main
     000000CE  _EXF4                              main
     000000CE  _P4_6                              main
     000000CF  G$P4_7$0$0                         main
     000000CF  G$SMB0CR$0$0                       main
     000000CF  G$TF2$0$0                          main
     000000CF  G$TF3$0$0                          main
     000000CF  G$TF4$0$0                          main
     000000CF  _P4_7                              main
     000000CF  _SMB0CR                            main
     000000CF  _TF2                               main
     000000CF  _TF3                               main
     000000CF  _TF4                               main
     000000D0  G$P$0$0                            main
     000000D0  G$PSW$0$0                          main
     000000D0  _P                                 main
     000000D0  _PSW                               main
     000000D1  G$F1$0$0                           main
     000000D1  G$REF0CN$0$0                       main
     000000D1  _F1                                main
     000000D1  _REF0CN                            main
     000000D2  G$DAC0L$0$0                        main
     000000D2  G$DAC1L$0$0                        main
     000000D2  G$OV$0$0                           main
     000000D2  _DAC0L                             main
     000000D2  _DAC1L                             main
     000000D2  _OV                                main
     000000D3  G$DAC0H$0$0                        main
     000000D3  G$DAC1H$0$0                        main
     000000D3  G$RS0$0$0                          main
     000000D3  _DAC0H                             main
     000000D3  _DAC1H                             main
     000000D3  _RS0                               main
     000000D4  G$DAC0CN$0$0                       main
     000000D4  G$DAC1CN$0$0                       main
     000000D4  G$RS1$0$0                          main
     000000D4  _DAC0CN                            main
     000000D4  _DAC1CN                            main
     000000D4  _RS1                               main
     000000D5  G$F0$0$0                           main
     000000D5  _F0                                main
     000000D6  G$AC$0$0                           main
     000000D6  G$HVA0CN$0$0                       main
     000000D6  _AC                                main
     000000D6  _HVA0CN                            main
     000000D7  G$CY$0$0                           main
     000000D7  _CY                                main
     000000D8  G$CAN0DATL$0$0                     main
     000000D8  G$CCF0$0$0                         main
     000000D8  G$P5$0$0                           main
     000000D8  G$P5_0$0$0                         main
ASxxxx Linker V03.00 + NoICE + sdld,  page 13.
Hexadecimal  [32-Bits]

Area                                    Addr        Size        Decimal Bytes (Attributes)
--------------------------------        ----        ----        ------- ----- ------------
.  .ABS.                            00000000    00000000 =           0. bytes (ABS,CON)

      Value  Global                              Global Defined In Module
      -----  --------------------------------   ------------------------
     000000D8  G$PCA0CN$0$0                       main
     000000D8  _CAN0DATL                          main
     000000D8  _CCF0                              main
     000000D8  _P5                                main
     000000D8  _P5_0                              main
     000000D8  _PCA0CN                            main
     000000D9  G$CAN0DATH$0$0                     main
     000000D9  G$CCF1$0$0                         main
     000000D9  G$P5_1$0$0                         main
     000000D9  G$PCA0MD$0$0                       main
     000000D9  _CAN0DATH                          main
     000000D9  _CCF1                              main
     000000D9  _P5_1                              main
     000000D9  _PCA0MD                            main
     000000DA  G$CAN0ADR$0$0                      main
     000000DA  G$CCF2$0$0                         main
     000000DA  G$P5_2$0$0                         main
     000000DA  G$PCA0CPM0$0$0                     main
     000000DA  _CAN0ADR                           main
     000000DA  _CCF2                              main
     000000DA  _P5_2                              main
     000000DA  _PCA0CPM0                          main
     000000DB  G$CAN0TST$0$0                      main
     000000DB  G$CCF3$0$0                         main
     000000DB  G$P5_3$0$0                         main
     000000DB  G$PCA0CPM1$0$0                     main
     000000DB  _CAN0TST                           main
     000000DB  _CCF3                              main
     000000DB  _P5_3                              main
     000000DB  _PCA0CPM1                          main
     000000DC  G$CCF4$0$0                         main
     000000DC  G$P5_4$0$0                         main
     000000DC  G$PCA0CPM2$0$0                     main
     000000DC  _CCF4                              main
     000000DC  _P5_4                              main
     000000DC  _PCA0CPM2                          main
     000000DD  G$CCF5$0$0                         main
     000000DD  G$P5_5$0$0                         main
     000000DD  G$PCA0CPM3$0$0                     main
     000000DD  _CCF5                              main
     000000DD  _P5_5                              main
     000000DD  _PCA0CPM3                          main
     000000DE  G$CR$0$0                           main
     000000DE  G$P5_6$0$0                         main
     000000DE  G$PCA0CPM4$0$0                     main
     000000DE  _CR                                main
     000000DE  _P5_6                              main
     000000DE  _PCA0CPM4                          main
     000000DF  G$CF$0$0                           main
     000000DF  G$P5_7$0$0                         main
     000000DF  G$PCA0CPM5$0$0                     main
ASxxxx Linker V03.00 + NoICE + sdld,  page 14.
Hexadecimal  [32-Bits]

Area                                    Addr        Size        Decimal Bytes (Attributes)
--------------------------------        ----        ----        ------- ----- ------------
.  .ABS.                            00000000    00000000 =           0. bytes (ABS,CON)

      Value  Global                              Global Defined In Module
      -----  --------------------------------   ------------------------
     000000DF  _CF                                main
     000000DF  _P5_7                              main
     000000DF  _PCA0CPM5                          main
     000000E0  G$ACC$0$0                          main
     000000E0  _ACC                               main
     000000E1  G$PCA0CPL5$0$0                     main
     000000E1  G$XBR0$0$0                         main
     000000E1  _PCA0CPL5                          main
     000000E1  _XBR0                              main
     000000E2  G$PCA0CPH5$0$0                     main
     000000E2  G$XBR1$0$0                         main
     000000E2  _PCA0CPH5                          main
     000000E2  _XBR1                              main
     000000E3  G$XBR2$0$0                         main
     000000E3  _XBR2                              main
     000000E4  G$XBR3$0$0                         main
     000000E4  _XBR3                              main
     000000E6  G$EIE1$0$0                         main
     000000E6  _EIE1                              main
     000000E7  G$EIE2$0$0                         main
     000000E7  _EIE2                              main
     000000E8  G$AD0LJST$0$0                      main
     000000E8  G$AD2WINT$0$0                      main
     000000E8  G$ADC0CN$0$0                       main
     000000E8  G$ADC2CN$0$0                       main
     000000E8  G$P6$0$0                           main
     000000E8  G$P6_0$0$0                         main
     000000E8  _AD0LJST                           main
     000000E8  _AD2WINT                           main
     000000E8  _ADC0CN                            main
     000000E8  _ADC2CN                            main
     000000E8  _P6                                main
     000000E8  _P6_0                              main
     000000E9  G$AD0WINT$0$0                      main
     000000E9  G$AD2CM0$0$0                       main
     000000E9  G$P6_1$0$0                         main
     000000E9  G$PCA0CPL2$0$0                     main
     000000E9  _AD0WINT                           main
     000000E9  _AD2CM0                            main
     000000E9  _P6_1                              main
     000000E9  _PCA0CPL2                          main
     000000EA  G$AD0CM0$0$0                       main
     000000EA  G$AD2CM1$0$0                       main
     000000EA  G$P6_2$0$0                         main
     000000EA  G$PCA0CPH2$0$0                     main
     000000EA  _AD0CM0                            main
     000000EA  _AD2CM1                            main
     000000EA  _P6_2                              main
     000000EA  _PCA0CPH2                          main
     000000EB  G$AD0CM1$0$0                       main
     000000EB  G$AD2CM2$0$0                       main
ASxxxx Linker V03.00 + NoICE + sdld,  page 15.
Hexadecimal  [32-Bits]

Area                                    Addr        Size        Decimal Bytes (Attributes)
--------------------------------        ----        ----        ------- ----- ------------
.  .ABS.                            00000000    00000000 =           0. bytes (ABS,CON)

      Value  Global                              Global Defined In Module
      -----  --------------------------------   ------------------------
     000000EB  G$P6_3$0$0                         main
     000000EB  G$PCA0CPL3$0$0                     main
     000000EB  _AD0CM1                            main
     000000EB  _AD2CM2                            main
     000000EB  _P6_3                              main
     000000EB  _PCA0CPL3                          main
     000000EC  G$AD0BUSY$0$0                      main
     000000EC  G$AD2BUSY$0$0                      main
     000000EC  G$P6_4$0$0                         main
     000000EC  G$PCA0CPH3$0$0                     main
     000000EC  _AD0BUSY                           main
     000000EC  _AD2BUSY                           main
     000000EC  _P6_4                              main
     000000EC  _PCA0CPH3                          main
     000000ED  G$AD0INT$0$0                       main
     000000ED  G$AD2INT$0$0                       main
     000000ED  G$P6_5$0$0                         main
     000000ED  G$PCA0CPL4$0$0                     main
     000000ED  _AD0INT                            main
     000000ED  _AD2INT                            main
     000000ED  _P6_5                              main
     000000ED  _PCA0CPL4                          main
     000000EE  G$AD0TM$0$0                        main
     000000EE  G$AD2TM$0$0                        main
     000000EE  G$P6_6$0$0                         main
     000000EE  G$PCA0CPH4$0$0                     main
     000000EE  _AD0TM                             main
     000000EE  _AD2TM                             main
     000000EE  _P6_6                              main
     000000EE  _PCA0CPH4                          main
     000000EF  G$AD0EN$0$0                        main
     000000EF  G$AD2EN$0$0                        main
     000000EF  G$P6_7$0$0                         main
     000000EF  G$RSTSRC$0$0                       main
     000000EF  _AD0EN                             main
     000000EF  _AD2EN                             main
     000000EF  _P6_7                              main
     000000EF  _RSTSRC                            main
     000000F0  G$B$0$0                            main
     000000F0  _B                                 main
     000000F5  _B_5                               _gptrget
     000000F6  G$EIP1$0$0                         main
     000000F6  _B_6                               _gptrget
     000000F6  _EIP1                              main
     000000F7  G$EIP2$0$0                         main
     000000F7  _B_7                               _gptrget
     000000F7  _EIP2                              main
     000000F8  G$CAN0CN$0$0                       main
     000000F8  G$CANINIT$0$0                      main
     000000F8  G$P7$0$0                           main
     000000F8  G$P7_0$0$0                         main
ASxxxx Linker V03.00 + NoICE + sdld,  page 16.
Hexadecimal  [32-Bits]

Area                                    Addr        Size        Decimal Bytes (Attributes)
--------------------------------        ----        ----        ------- ----- ------------
.  .ABS.                            00000000    00000000 =           0. bytes (ABS,CON)

      Value  Global                              Global Defined In Module
      -----  --------------------------------   ------------------------
     000000F8  G$SPI0CN$0$0                       main
     000000F8  G$SPIEN$0$0                        main
     000000F8  _CAN0CN                            main
     000000F8  _CANINIT                           main
     000000F8  _P7                                main
     000000F8  _P7_0                              main
     000000F8  _SPI0CN                            main
     000000F8  _SPIEN                             main
     000000F9  G$CANIE$0$0                        main
     000000F9  G$P7_1$0$0                         main
     000000F9  G$PCA0L$0$0                        main
     000000F9  G$TXBMT$0$0                        main
     000000F9  _CANIE                             main
     000000F9  _P7_1                              main
     000000F9  _PCA0L                             main
     000000F9  _TXBMT                             main
     000000FA  G$CANSIE$0$0                       main
     000000FA  G$NSSMD0$0$0                       main
     000000FA  G$P7_2$0$0                         main
     000000FA  G$PCA0H$0$0                        main
     000000FA  _CANSIE                            main
     000000FA  _NSSMD0                            main
     000000FA  _P7_2                              main
     000000FA  _PCA0H                             main
     000000FB  G$CANEIE$0$0                       main
     000000FB  G$NSSMD1$0$0                       main
     000000FB  G$P7_3$0$0                         main
     000000FB  G$PCA0CPL0$0$0                     main
     000000FB  _CANEIE                            main
     000000FB  _NSSMD1                            main
     000000FB  _P7_3                              main
     000000FB  _PCA0CPL0                          main
     000000FC  G$CANIF$0$0                        main
     000000FC  G$P7_4$0$0                         main
     000000FC  G$PCA0CPH0$0$0                     main
     000000FC  G$RXOVRN$0$0                       main
     000000FC  _CANIF                             main
     000000FC  _P7_4                              main
     000000FC  _PCA0CPH0                          main
     000000FC  _RXOVRN                            main
     000000FD  G$CANDAR$0$0                       main
     000000FD  G$MODF$0$0                         main
     000000FD  G$P7_5$0$0                         main
     000000FD  G$PCA0CPL1$0$0                     main
     000000FD  _CANDAR                            main
     000000FD  _MODF                              main
     000000FD  _P7_5                              main
     000000FD  _PCA0CPL1                          main
     000000FE  G$CANCCE$0$0                       main
     000000FE  G$P7_6$0$0                         main
     000000FE  G$PCA0CPH1$0$0                     main
ASxxxx Linker V03.00 + NoICE + sdld,  page 17.
Hexadecimal  [32-Bits]

Area                                    Addr        Size        Decimal Bytes (Attributes)
--------------------------------        ----        ----        ------- ----- ------------
.  .ABS.                            00000000    00000000 =           0. bytes (ABS,CON)

      Value  Global                              Global Defined In Module
      -----  --------------------------------   ------------------------
     000000FE  G$WCOL$0$0                         main
     000000FE  _CANCCE                            main
     000000FE  _P7_6                              main
     000000FE  _PCA0CPH1                          main
     000000FE  _WCOL                              main
     000000FF  G$CANTEST$0$0                      main
     000000FF  G$P7_7$0$0                         main
     000000FF  G$SPIF$0$0                         main
     000000FF  G$WDTCN$0$0                        main
     000000FF  _CANTEST                           main
     000000FF  _P7_7                              main
     000000FF  _SPIF                              main
     000000FF  _WDTCN                             main
     00008382  G$DP$0$0                           main
     00008382  _DP                                main
     0000BFBE  G$ADC0$0$0                         main
     0000BFBE  _ADC0                              main
     0000C5C4  G$ADC0GT$0$0                       main
     0000C5C4  _ADC0GT                            main
     0000C7C6  G$ADC0LT$0$0                       main
     0000C7C6  _ADC0LT                            main
     0000CBCA  G$RCAP2$0$0                        main
     0000CBCA  G$RCAP3$0$0                        main
     0000CBCA  G$RCAP4$0$0                        main
     0000CBCA  _RCAP2                             main
     0000CBCA  _RCAP3                             main
     0000CBCA  _RCAP4                             main
     0000CDCC  G$TMR2$0$0                         main
     0000CDCC  G$TMR3$0$0                         main
     0000CDCC  G$TMR4$0$0                         main
     0000CDCC  _TMR2                              main
     0000CDCC  _TMR3                              main
     0000CDCC  _TMR4                              main
     0000D3D2  G$DAC0$0$0                         main
     0000D3D2  G$DAC1$0$0                         main
     0000D3D2  _DAC0                              main
     0000D3D2  _DAC1                              main
     0000D9D8  G$CAN0DAT$0$0                      main
     0000D9D8  _CAN0DAT                           main
     0000E2E1  G$PCA0CP5$0$0                      main
     0000E2E1  _PCA0CP5                           main
     0000EAE9  G$PCA0CP2$0$0                      main
     0000EAE9  _PCA0CP2                           main
     0000ECEB  G$PCA0CP3$0$0                      main
     0000ECEB  _PCA0CP3                           main
     0000EEED  G$PCA0CP4$0$0                      main
     0000EEED  _PCA0CP4                           main
     0000FAF9  G$PCA0$0$0                         main
     0000FAF9  _PCA0                              main
     0000FCFB  G$PCA0CP0$0$0                      main
     0000FCFB  _PCA0CP0                           main
ASxxxx Linker V03.00 + NoICE + sdld,  page 18.
Hexadecimal  [32-Bits]

Area                                    Addr        Size        Decimal Bytes (Attributes)
--------------------------------        ----        ----        ------- ----- ------------
.  .ABS.                            00000000    00000000 =           0. bytes (ABS,CON)

      Value  Global                              Global Defined In Module
      -----  --------------------------------   ------------------------
     0000FEFD  G$PCA0CP1$0$0                      main
     0000FEFD  _PCA0CP1                           main

ASxxxx Linker V03.00 + NoICE + sdld,  page 19.
Hexadecimal  [32-Bits]

Area                                    Addr        Size        Decimal Bytes (Attributes)
--------------------------------        ----        ----        ------- ----- ------------
BSEG_BYTES                          00000020    00000003 =           3. bytes (REL,CON)

      Value  Global                              Global Defined In Module
      -----  --------------------------------   ------------------------
ASxxxx Linker V03.00 + NoICE + sdld,  page 20.
Hexadecimal  [32-Bits]

Area                                    Addr        Size        Decimal Bytes (Attributes)
--------------------------------        ----        ----        ------- ----- ------------
REG_BANK_0                          00000000    00000008 =           8. bytes (REL,OVR)

      Value  Global                              Global Defined In Module
      -----  --------------------------------   ------------------------
ASxxxx Linker V03.00 + NoICE + sdld,  page 21.
Hexadecimal  [32-Bits]

Area                                    Addr        Size        Decimal Bytes (Attributes)
--------------------------------        ----        ----        ------- ----- ------------
BIT_BANK                            00000023    00000001 =           1. bytes (REL,OVR)

      Value  Global                              Global Defined In Module
      -----  --------------------------------   ------------------------
ASxxxx Linker V03.00 + NoICE + sdld,  page 22.
Hexadecimal  [32-Bits]

Area                                    Addr        Size        Decimal Bytes (Attributes)
--------------------------------        ----        ----        ------- ----- ------------
DSEG                                00000000    00000077 =         119. bytes (REL,CON)

      Value  Global                              Global Defined In Module
      -----  --------------------------------   ------------------------
     00000008  G$conta_caractere$0$0              main
     00000008  _conta_caractere                   main
     00000009  G$end_fim_ram$0$0                  main
     00000009  _end_fim_ram                       main
     0000000B  G$TECLA$0$0                        main
     0000000B  _TECLA                             main
     0000000C  G$TECLA_ANT$0$0                    main
     0000000C  _TECLA_ANT                         main
     0000000D  G$tecla$0$0                        main
     0000000D  _tecla                             main
     00000014  _bp                                _bp

ASxxxx Linker V03.00 + NoICE + sdld,  page 23.
Hexadecimal  [32-Bits]

Area                                    Addr        Size        Decimal Bytes (Attributes)
--------------------------------        ----        ----        ------- ----- ------------
OSEG                                00000015    00000002 =           2. bytes (REL,OVR)

      Value  Global                              Global Defined In Module
      -----  --------------------------------   ------------------------
     00000015  Lmain.esc_RAM_SPI$dado$1$61        main
     00000015  __divsint_PARM_2                   _divuint
     00000015  __divuint_PARM_2                   _divuint
     00000015  __modsint_PARM_2                   _moduint
     00000015  __moduint_PARM_2                   _moduint
     00000015  __mulint_PARM_2                    _mulint
     00000015  _esc_RAM_SPI_PARM_2                main

ASxxxx Linker V03.00 + NoICE + sdld,  page 24.
Hexadecimal  [32-Bits]

Area                                    Addr        Size        Decimal Bytes (Attributes)
--------------------------------        ----        ----        ------- ----- ------------
SSEG                                00000024    000000DC =         220. bytes (REL,OVR)

      Value  Global                              Global Defined In Module
      -----  --------------------------------   ------------------------
     00000024  __start__stack                     main

ASxxxx Linker V03.00 + NoICE + sdld,  page 25.
Hexadecimal  [32-Bits]

Area                                    Addr        Size        Decimal Bytes (Attributes)
--------------------------------        ----        ----        ------- ----- ------------
HOME                                00000000    00000089 =         137. bytes (REL,CON,CODE)

      Value  Global                              Global Defined In Module
      -----  --------------------------------   ------------------------
C:   00000000  A$main$1360                        main
C:   00000003  A$main$1361                        main
C:   0000000B  A$main$1363                        main
C:   00000013  A$main$1365                        main
C:   0000001B  A$main$1367                        main
C:   00000023  A$main$1369                        main
C:   0000002B  A$main$1371                        main
C:   00000033  A$main$1373                        main
C:   0000003B  A$main$1375                        main
C:   00000043  A$main$1377                        main
C:   0000004B  A$main$1379                        main
C:   00000053  A$main$1381                        main
C:   0000005B  A$main$1383                        main
C:   00000063  A$main$1385                        main
C:   0000006B  A$main$1387                        main
C:   00000073  A$main$1389                        main
C:   0000007B  A$main$1391                        main
C:   00000083  A$main$1393                        main
C:   00000086  A$main$1435                        main
C:   00000086  __sdcc_program_startup             main

ASxxxx Linker V03.00 + NoICE + sdld,  page 26.
Hexadecimal  [32-Bits]

Area                                    Addr        Size        Decimal Bytes (Attributes)
--------------------------------        ----        ----        ------- ----- ------------
GSINIT0                             00000089    00000003 =           3. bytes (REL,CON,CODE)

      Value  Global                              Global Defined In Module
      -----  --------------------------------   ------------------------
C:   00000089  __sdcc_gsinit_startup              

ASxxxx Linker V03.00 + NoICE + sdld,  page 27.
Hexadecimal  [32-Bits]

Area                                    Addr        Size        Decimal Bytes (Attributes)
--------------------------------        ----        ----        ------- ----- ------------
GSINIT2                             0000008C    0000000A =          10. bytes (REL,CON,CODE)

      Value  Global                              Global Defined In Module
      -----  --------------------------------   ------------------------
ASxxxx Linker V03.00 + NoICE + sdld,  page 28.
Hexadecimal  [32-Bits]

Area                                    Addr        Size        Decimal Bytes (Attributes)
--------------------------------        ----        ----        ------- ----- ------------
GSINIT3                             00000096    00000022 =          34. bytes (REL,CON,CODE)

      Value  Global                              Global Defined In Module
      -----  --------------------------------   ------------------------
C:   00000096  __mcs51_genXINIT                   

ASxxxx Linker V03.00 + NoICE + sdld,  page 29.
Hexadecimal  [32-Bits]

Area                                    Addr        Size        Decimal Bytes (Attributes)
--------------------------------        ----        ----        ------- ----- ------------
GSINIT4                             000000B8    0000002A =          42. bytes (REL,CON,CODE)

      Value  Global                              Global Defined In Module
      -----  --------------------------------   ------------------------
C:   000000B8  __mcs51_genRAMCLEAR                
C:   000000BE  __mcs51_genXRAMCLEAR               

ASxxxx Linker V03.00 + NoICE + sdld,  page 30.
Hexadecimal  [32-Bits]

Area                                    Addr        Size        Decimal Bytes (Attributes)
--------------------------------        ----        ----        ------- ----- ------------
GSINIT                              000000E2    00000012 =          18. bytes (REL,CON,CODE)

      Value  Global                              Global Defined In Module
      -----  --------------------------------   ------------------------
C:   000000E2  A$main$1409                        main
C:   000000E2  C$output_glcd.h$24$1$104           main
C:   000000E5  A$main$1412                        main
C:   000000E5  C$mem_spi.h$15$1$104               main
C:   000000E6  A$main$1413                        main
C:   000000E8  A$main$1414                        main
C:   000000EA  A$main$1417                        main
C:   000000EA  C$main.c$25$1$104                  main
C:   000000ED  A$main$1420                        main
C:   000000ED  C$main.c$26$1$104                  main
C:   000000F0  A$main$1423                        main
C:   000000F0  C$output_glcd.h$25$1$104           main
C:   000000F2  A$main$1426                        main
C:   000000F2  C$main.c$29$1$104                  main

ASxxxx Linker V03.00 + NoICE + sdld,  page 31.
Hexadecimal  [32-Bits]

Area                                    Addr        Size        Decimal Bytes (Attributes)
--------------------------------        ----        ----        ------- ----- ------------
GSFINAL                             000000F4    00000003 =           3. bytes (REL,CON,CODE)

      Value  Global                              Global Defined In Module
      -----  --------------------------------   ------------------------
C:   000000F4  A$main$1428                        main

ASxxxx Linker V03.00 + NoICE + sdld,  page 32.
Hexadecimal  [32-Bits]

Area                                    Addr        Size        Decimal Bytes (Attributes)
--------------------------------        ----        ----        ------- ----- ------------
CSEG                                000000F7    00000FD3 =        4051. bytes (REL,CON,CODE)

      Value  Global                              Global Defined In Module
      -----  --------------------------------   ------------------------
C:   000000F7  A$main$1461                        main
C:   000000F7  C$config.c$10$0$0                  main
C:   000000F7  C$config.c$12$1$14                 main
C:   000000F7  G$Timer_Init$0$0                   main
C:   000000F7  _Timer_Init                        main
C:   000000FA  A$main$1464                        main
C:   000000FA  C$config.c$13$1$14                 main
C:   000000FD  A$main$1467                        main
C:   000000FD  C$config.c$14$1$14                 main
C:   00000100  A$main$1470                        main
C:   00000100  C$config.c$15$1$14                 main
C:   00000103  A$main$1473                        main
C:   00000103  C$config.c$16$1$14                 main
C:   00000106  A$main$1476                        main
C:   00000106  C$config.c$17$1$14                 main
C:   00000109  A$main$1479                        main
C:   00000109  C$config.c$18$1$14                 main
C:   0000010C  A$main$1482                        main
C:   0000010C  C$config.c$19$1$14                 main
C:   0000010F  A$main$1485                        main
C:   0000010F  C$config.c$20$1$14                 main
C:   00000112  A$main$1488                        main
C:   00000112  C$config.c$21$1$14                 main
C:   00000115  A$main$1491                        main
C:   00000115  C$config.c$22$1$14                 main
C:   00000118  A$main$1494                        main
C:   00000118  C$config.c$23$1$14                 main
C:   0000011B  A$main$1497                        main
C:   0000011B  C$config.c$24$1$14                 main
C:   0000011E  A$main$1500                        main
C:   0000011E  C$config.c$25$1$14                 main
C:   00000121  A$main$1503                        main
C:   00000121  C$config.c$26$1$14                 main
C:   00000124  A$main$1506                        main
C:   00000124  C$config.c$27$1$14                 main
C:   00000127  A$main$1509                        main
C:   00000127  C$config.c$28$1$14                 main
C:   0000012A  A$main$1512                        main
C:   0000012A  C$config.c$29$1$14                 main
C:   0000012A  XG$Timer_Init$0$0                  main
C:   0000012B  A$main$1525                        main
C:   0000012B  C$config.c$31$1$14                 main
C:   0000012B  C$config.c$33$1$15                 main
C:   0000012B  G$UART_Init$0$0                    main
C:   0000012B  _UART_Init                         main
C:   0000012E  A$main$1528                        main
C:   0000012E  C$config.c$34$1$15                 main
C:   00000131  A$main$1531                        main
C:   00000131  C$config.c$35$1$15                 main
C:   00000131  XG$UART_Init$0$0                   main
ASxxxx Linker V03.00 + NoICE + sdld,  page 33.
Hexadecimal  [32-Bits]

Area                                    Addr        Size        Decimal Bytes (Attributes)
--------------------------------        ----        ----        ------- ----- ------------
CSEG                                000000F7    00000FD3 =        4051. bytes (REL,CON,CODE)

      Value  Global                              Global Defined In Module
      -----  --------------------------------   ------------------------
C:   00000132  A$main$1544                        main
C:   00000132  C$config.c$37$1$15                 main
C:   00000132  C$config.c$39$1$16                 main
C:   00000132  G$SMBus_Init$0$0                   main
C:   00000132  _SMBus_Init                        main
C:   00000135  A$main$1547                        main
C:   00000135  C$config.c$40$1$16                 main
C:   00000138  A$main$1550                        main
C:   00000138  C$config.c$41$1$16                 main
C:   00000138  XG$SMBus_Init$0$0                  main
C:   00000139  A$main$1563                        main
C:   00000139  C$config.c$43$1$16                 main
C:   00000139  C$config.c$45$1$17                 main
C:   00000139  G$SPI_Init$0$0                     main
C:   00000139  _SPI_Init                          main
C:   0000013C  A$main$1566                        main
C:   0000013C  C$config.c$46$1$17                 main
C:   0000013F  A$main$1569                        main
C:   0000013F  C$config.c$47$1$17                 main
C:   00000142  A$main$1572                        main
C:   00000142  C$config.c$48$1$17                 main
C:   00000145  A$main$1575                        main
C:   00000145  C$config.c$49$1$17                 main
C:   00000145  XG$SPI_Init$0$0                    main
C:   00000146  A$main$1588                        main
C:   00000146  C$config.c$51$1$17                 main
C:   00000146  C$config.c$53$1$18                 main
C:   00000146  G$ADC_Init$0$0                     main
C:   00000146  _ADC_Init                          main
C:   00000149  A$main$1591                        main
C:   00000149  C$config.c$54$1$18                 main
C:   0000014C  A$main$1594                        main
C:   0000014C  C$config.c$55$1$18                 main
C:   0000014C  XG$ADC_Init$0$0                    main
C:   0000014D  A$main$1607                        main
C:   0000014D  C$config.c$57$1$18                 main
C:   0000014D  C$config.c$59$1$19                 main
C:   0000014D  G$DAC_Init$0$0                     main
C:   0000014D  _DAC_Init                          main
C:   00000150  A$main$1610                        main
C:   00000150  C$config.c$60$1$19                 main
C:   00000153  A$main$1613                        main
C:   00000153  C$config.c$61$1$19                 main
C:   00000153  XG$DAC_Init$0$0                    main
C:   00000154  A$main$1626                        main
C:   00000154  C$config.c$63$1$19                 main
C:   00000154  C$config.c$65$1$20                 main
C:   00000154  G$Voltage_Reference_Init$0$0       main
C:   00000154  _Voltage_Reference_Init            main
C:   00000157  A$main$1629                        main
C:   00000157  C$config.c$66$1$20                 main
ASxxxx Linker V03.00 + NoICE + sdld,  page 34.
Hexadecimal  [32-Bits]

Area                                    Addr        Size        Decimal Bytes (Attributes)
--------------------------------        ----        ----        ------- ----- ------------
CSEG                                000000F7    00000FD3 =        4051. bytes (REL,CON,CODE)

      Value  Global                              Global Defined In Module
      -----  --------------------------------   ------------------------
C:   0000015A  A$main$1632                        main
C:   0000015A  C$config.c$67$1$20                 main
C:   0000015A  XG$Voltage_Reference_Init$0$0      main
C:   0000015B  A$main$1645                        main
C:   0000015B  C$config.c$107$1$21                main
C:   0000015B  C$config.c$69$1$20                 main
C:   0000015B  G$Port_IO_Init$0$0                 main
C:   0000015B  _Port_IO_Init                      main
C:   0000015E  A$main$1648                        main
C:   0000015E  C$config.c$108$1$21                main
C:   00000161  A$main$1651                        main
C:   00000161  C$config.c$109$1$21                main
C:   00000164  A$main$1654                        main
C:   00000164  C$config.c$110$1$21                main
C:   00000167  A$main$1657                        main
C:   00000167  C$config.c$111$1$21                main
C:   0000016A  A$main$1660                        main
C:   0000016A  C$config.c$112$1$21                main
C:   0000016D  A$main$1663                        main
C:   0000016D  C$config.c$113$1$21                main
C:   00000170  A$main$1666                        main
C:   00000170  C$config.c$114$1$21                main
C:   00000170  XG$Port_IO_Init$0$0                main
C:   00000171  A$main$1681                        main
C:   00000171  C$config.c$116$1$21                main
C:   00000171  C$config.c$119$1$22                main
C:   00000171  G$Oscillator_Init$0$0              main
C:   00000171  _Oscillator_Init                   main
C:   00000174  A$main$1684                        main
C:   00000174  C$config.c$120$1$22                main
C:   00000177  A$main$1687                        main
C:   00000177  C$config.c$121$1$22                main
C:   00000179  A$main$1688                        main
C:   0000017B  A$main$1690                        main
C:   0000017C  A$main$1691                        main
C:   0000017E  A$main$1692                        main
C:   0000017F  A$main$1693                        main
C:   00000180  A$main$1694                        main
C:   00000182  A$main$1695                        main
C:   00000183  A$main$1696                        main
C:   00000185  A$main$1697                        main
C:   00000187  A$main$1698                        main
C:   00000188  A$main$1699                        main
C:   00000189  A$main$1700                        main
C:   0000018B  A$main$1704                        main
C:   0000018B  C$config.c$122$1$22                main
C:   0000018D  A$main$1705                        main
C:   00000190  A$main$1708                        main
C:   00000190  C$config.c$123$1$22                main
C:   00000193  A$main$1711                        main
C:   00000193  C$config.c$124$1$22                main
ASxxxx Linker V03.00 + NoICE + sdld,  page 35.
Hexadecimal  [32-Bits]

Area                                    Addr        Size        Decimal Bytes (Attributes)
--------------------------------        ----        ----        ------- ----- ------------
CSEG                                000000F7    00000FD3 =        4051. bytes (REL,CON,CODE)

      Value  Global                              Global Defined In Module
      -----  --------------------------------   ------------------------
C:   00000193  XG$Oscillator_Init$0$0             main
C:   00000194  A$main$1724                        main
C:   00000194  C$config.c$126$1$22                main
C:   00000194  C$config.c$128$1$23                main
C:   00000194  G$Interrupts_Init$0$0              main
C:   00000194  _Interrupts_Init                   main
C:   00000197  A$main$1727                        main
C:   00000197  C$config.c$129$1$23                main
C:   00000197  XG$Interrupts_Init$0$0             main
C:   00000198  A$main$1740                        main
C:   00000198  C$config.c$133$1$23                main
C:   00000198  C$config.c$135$1$25                main
C:   00000198  G$Init_Device$0$0                  main
C:   00000198  _Init_Device                       main
C:   0000019B  A$main$1743                        main
C:   0000019B  C$config.c$136$1$25                main
C:   0000019E  A$main$1746                        main
C:   0000019E  C$config.c$137$1$25                main
C:   000001A1  A$main$1749                        main
C:   000001A1  C$config.c$138$1$25                main
C:   000001A4  A$main$1752                        main
C:   000001A4  C$config.c$139$1$25                main
C:   000001A7  A$main$1755                        main
C:   000001A7  C$config.c$140$1$25                main
C:   000001AA  A$main$1758                        main
C:   000001AA  C$config.c$141$1$25                main
C:   000001AD  A$main$1761                        main
C:   000001AD  C$config.c$142$1$25                main
C:   000001B0  A$main$1764                        main
C:   000001B0  C$config.c$143$1$25                main
C:   000001B3  A$main$1767                        main
C:   000001B3  C$config.c$144$1$25                main
C:   000001B6  A$main$1770                        main
C:   000001B6  C$config.c$145$1$25                main
C:   000001B6  XG$Init_Device$0$0                 main
C:   000001B7  A$main$1785                        main
C:   000001B7  C$output_glcd.h$27$1$25            main
C:   000001B7  C$output_glcd.h$32$1$27            main
C:   000001B7  G$le_glcd$0$0                      main
C:   000001B7  _le_glcd                           main
C:   000001B9  A$main$1788                        main
C:   000001B9  C$output_glcd.h$33$1$27            main
C:   000001BB  A$main$1789                        main
C:   000001BD  A$main$1792                        main
C:   000001BD  C$output_glcd.h$34$1$27            main
C:   000001BF  A$main$1793                        main
C:   000001C0  A$main$1794                        main
C:   000001C2  A$main$1797                        main
C:   000001C2  C$output_glcd.h$35$1$27            main
C:   000001C4  A$main$1798                        main
C:   000001C6  A$main$1801                        main
ASxxxx Linker V03.00 + NoICE + sdld,  page 36.
Hexadecimal  [32-Bits]

Area                                    Addr        Size        Decimal Bytes (Attributes)
--------------------------------        ----        ----        ------- ----- ------------
CSEG                                000000F7    00000FD3 =        4051. bytes (REL,CON,CODE)

      Value  Global                              Global Defined In Module
      -----  --------------------------------   ------------------------
C:   000001C6  C$output_glcd.h$36$1$27            main
C:   000001C7  A$main$1802                        main
C:   000001C8  A$main$1803                        main
C:   000001C9  A$main$1804                        main
C:   000001CA  A$main$1807                        main
C:   000001CA  C$output_glcd.h$38$1$27            main
C:   000001CC  A$main$1810                        main
C:   000001CC  C$output_glcd.h$39$1$27            main
C:   000001CD  A$main$1811                        main
C:   000001CE  A$main$1812                        main
C:   000001CF  A$main$1813                        main
C:   000001D0  A$main$1814                        main
C:   000001D1  A$main$1815                        main
C:   000001D2  A$main$1816                        main
C:   000001D3  A$main$1817                        main
C:   000001D4  A$main$1820                        main
C:   000001D4  C$output_glcd.h$41$1$27            main
C:   000001D7  A$main$1823                        main
C:   000001D7  C$output_glcd.h$42$1$27            main
C:   000001DA  A$main$1826                        main
[...]
C:   0000097A  A$main$3677                        main
C:   0000097A  C$main.c$265$2$90                  main
ASxxxx Linker V03.00 + NoICE + sdld,  page 62.
Hexadecimal  [32-Bits]

Area                                    Addr        Size        Decimal Bytes (Attributes)
--------------------------------        ----        ----        ------- ----- ------------
CSEG                                000000F7    00000FD3 =        4051. bytes (REL,CON,CODE)

      Value  Global                              Global Defined In Module
      -----  --------------------------------   ------------------------
C:   0000097D  A$main$3678                        main
C:   0000097F  A$main$3679                        main
C:   00000981  A$main$3680                        main
C:   00000983  A$main$3681                        main
C:   00000985  A$main$3685                        main
C:   00000985  C$main.c$268$1$89                  main
C:   00000987  A$main$3686                        main
C:   00000989  A$main$3687                        main
C:   0000098B  A$main$3688                        main
C:   0000098D  A$main$3689                        main
C:   0000098F  A$main$3690                        main
C:   00000991  A$main$3691                        main
C:   00000994  A$main$3692                        main
C:   00000996  A$main$3693                        main
C:   00000998  A$main$3694                        main
C:   0000099A  A$main$3695                        main
C:   0000099C  A$main$3698                        main
C:   0000099C  C$main.c$270$2$91                  main
C:   0000099D  A$main$3699                        main
C:   000009A0  A$main$3700                        main
C:   000009A3  A$main$3701                        main
C:   000009A4  A$main$3703                        main
C:   000009A5  A$main$3704                        main
C:   000009A6  A$main$3705                        main
C:   000009A9  A$main$3706                        main
C:   000009AC  A$main$3707                        main
C:   000009AD  A$main$3709                        main
C:   000009AE  A$main$3713                        main
C:   000009AE  C$main.c$273$2$91                  main
C:   000009AF  A$main$3714                        main
C:   000009B1  A$main$3717                        main
C:   000009B1  C$main.c$275$3$92                  main
C:   000009B4  A$main$3720                        main
C:   000009B4  C$main.c$276$3$92                  main
C:   000009B7  A$main$3723                        main
C:   000009B7  C$main.c$277$3$92                  main
C:   000009B9  A$main$3727                        main
C:   000009B9  C$main.c$280$2$91                  main
C:   000009BA  A$main$3728                        main
C:   000009BC  A$main$3731                        main
C:   000009BC  C$main.c$282$3$93                  main
C:   000009BF  A$main$3734                        main
C:   000009BF  C$main.c$283$3$93                  main
C:   000009C2  A$main$3740                        main
C:   000009C2  C$main.c$284$1$89                  main
C:   000009C2  C$main.c$288$1$89                  main
C:   000009C5  A$main$3743                        main
C:   000009C5  C$main.c$291$1$89                  main
C:   000009C5  XG$escolher_entrada$0$0            main
C:   000009C6  A$main$3756                        main
C:   000009C6  C$main.c$301$1$89                  main
ASxxxx Linker V03.00 + NoICE + sdld,  page 63.
Hexadecimal  [32-Bits]

Area                                    Addr        Size        Decimal Bytes (Attributes)
--------------------------------        ----        ----        ------- ----- ------------
CSEG                                000000F7    00000FD3 =        4051. bytes (REL,CON,CODE)

      Value  Global                              Global Defined In Module
      -----  --------------------------------   ------------------------
C:   000009C6  C$main.c$303$1$94                  main
C:   000009C6  G$uart_ISR$0$0                     main
C:   000009C6  _uart_ISR                          main
C:   000009C9  A$main$3759                        main
C:   000009C9  C$main.c$304$2$95                  main
C:   000009CB  A$main$3762                        main
C:   000009CB  C$main.c$305$2$95                  main
C:   000009CE  A$main$3765                        main
C:   000009CE  C$main.c$306$2$95                  main
C:   000009D0  A$main$3769                        main
C:   000009D0  C$main.c$308$1$94                  main
C:   000009D0  XG$uart_ISR$0$0                    main
C:   000009D1  A$main$3788                        main
C:   000009D1  C$main.c$316$1$94                  main
C:   000009D1  G$ISR_TC2$0$0                      main
C:   000009D1  _ISR_TC2                           main
C:   000009D3  A$main$3789                        main
C:   000009D5  A$main$3790                        main
C:   000009D7  A$main$3791                        main
C:   000009D9  A$main$3792                        main
C:   000009DB  A$main$3793                        main
C:   000009DD  A$main$3794                        main
C:   000009DF  A$main$3795                        main
C:   000009E1  A$main$3796                        main
C:   000009E3  A$main$3797                        main
C:   000009E5  A$main$3798                        main
C:   000009E7  A$main$3799                        main
C:   000009E9  A$main$3800                        main
C:   000009EB  A$main$3801                        main
C:   000009ED  A$main$3802                        main
C:   000009F0  A$main$3805                        main
C:   000009F0  C$main.c$317$1$97                  main
C:   000009F3  A$main$3806                        main
C:   000009F5  A$main$3809                        main
C:   000009F5  C$main.c$322$1$97                  main
C:   000009F7  A$main$3810                        main
C:   000009FA  A$main$3811                        main
C:   000009FD  A$main$3812                        main
C:   000009FF  A$main$3816                        main
C:   000009FF  C$main.c$323$2$98                  main
C:   00000A01  A$main$3817                        main
C:   00000A03  A$main$3821                        main
C:   00000A03  C$main.c$325$1$97                  main
C:   00000A05  A$main$3822                        main
C:   00000A08  A$main$3823                        main
C:   00000A0A  A$main$3825                        main
C:   00000A0D  A$main$3828                        main
C:   00000A0D  C$main.c$326$2$99                  main
C:   00000A0F  A$main$3832                        main
C:   00000A0F  C$main.c$328$1$97                  main
C:   00000A11  A$main$3835                        main
ASxxxx Linker V03.00 + NoICE + sdld,  page 64.
Hexadecimal  [32-Bits]

Area                                    Addr        Size        Decimal Bytes (Attributes)
--------------------------------        ----        ----        ------- ----- ------------
CSEG                                000000F7    00000FD3 =        4051. bytes (REL,CON,CODE)

      Value  Global                              Global Defined In Module
      -----  --------------------------------   ------------------------
C:   00000A11  C$main.c$330$1$97                  main
C:   00000A13  A$main$3836                        main
C:   00000A15  A$main$3837                        main
C:   00000A17  A$main$3838                        main
C:   00000A19  A$main$3839                        main
C:   00000A1B  A$main$3840                        main
C:   00000A1D  A$main$3841                        main
C:   00000A1F  A$main$3842                        main
C:   00000A21  A$main$3843                        main
C:   00000A23  A$main$3844                        main
C:   00000A25  A$main$3845                        main
C:   00000A27  A$main$3846                        main
C:   00000A29  A$main$3847                        main
C:   00000A2B  A$main$3848                        main
C:   00000A2D  A$main$3849                        main
C:   00000A2F  A$main$3852                        main
C:   00000A2F  C$main.c$331$1$97                  main
C:   00000A2F  XG$ISR_TC2$0$0                     main
C:   00000A30  A$main$3865                        main
C:   00000A30  C$main.c$335$1$97                  main
C:   00000A30  C$main.c$337$1$101                 main
C:   00000A30  G$Timer4_ISR$0$0                   main
C:   00000A30  _Timer4_ISR                        main
C:   00000A33  A$main$3868                        main
C:   00000A33  C$main.c$338$1$101                 main
C:   00000A36  A$main$3871                        main
C:   00000A36  C$main.c$339$1$101                 main
C:   00000A38  A$main$3874                        main
C:   00000A38  C$main.c$340$1$101                 main
C:   00000A38  XG$Timer4_ISR$0$0                  main
C:   00000A39  A$main$3893                        main
C:   00000A39  C$main.c$349$1$101                 main
C:   00000A39  C$main.c$350$1$102                 main
C:   00000A39  G$limpa_tela$0$0                   main
C:   00000A39  _limpa_tela                        main
C:   00000A3B  A$main$3894                        main
C:   00000A3E  A$main$3897                        main
C:   00000A3E  C$main.c$351$1$102                 main
C:   00000A40  A$main$3898                        main
C:   00000A43  A$main$3901                        main
C:   00000A43  C$main.c$352$1$102                 main
C:   00000A45  A$main$3902                        main
C:   00000A48  A$main$3903                        main
C:   00000A4B  A$main$3906                        main
C:   00000A4B  C$main.c$353$1$102                 main
C:   00000A4D  A$main$3907                        main
C:   00000A50  A$main$3908                        main
C:   00000A53  A$main$3911                        main
C:   00000A53  C$main.c$354$1$102                 main
C:   00000A53  XG$limpa_tela$0$0                  main
C:   00000A54  A$main$3926                        main
ASxxxx Linker V03.00 + NoICE + sdld,  page 65.
Hexadecimal  [32-Bits]

Area                                    Addr        Size        Decimal Bytes (Attributes)
--------------------------------        ----        ----        ------- ----- ------------
CSEG                                000000F7    00000FD3 =        4051. bytes (REL,CON,CODE)

      Value  Global                              Global Defined In Module
      -----  --------------------------------   ------------------------
C:   00000A54  C$main.c$362$1$102                 main
C:   00000A54  C$main.c$366$1$104                 main
C:   00000A54  G$main$0$0                         main
C:   00000A54  _main                              main
C:   00000A57  A$main$3929                        main
C:   00000A57  C$main.c$367$1$104                 main
C:   00000A5A  A$main$3932                        main
C:   00000A5A  C$main.c$369$1$104                 main
C:   00000A5D  A$main$3935                        main
C:   00000A5D  C$main.c$370$1$104                 main
C:   00000A60  A$main$3938                        main
C:   00000A60  C$main.c$374$1$104                 main
C:   00000A61  A$main$3939                        main
C:   00000A63  A$main$3940                        main
C:   00000A65  A$main$3941                        main
C:   00000A67  A$main$3942                        main
C:   00000A69  A$main$3943                        main
C:   00000A6B  A$main$3944                        main
C:   00000A6D  A$main$3945                        main
C:   00000A70  A$main$3946                        main
C:   00000A72  A$main$3947                        main
C:   00000A74  A$main$3948                        main
C:   00000A76  A$main$3954                        main
C:   00000A76  C$main.c$376$1$104                 main
C:   00000A76  C$main.c$377$2$105                 main
C:   00000A79  A$main$3955                        main
C:   00000A7C  A$main$3956                        main
C:   00000A7E  A$main$3957                        main
C:   00000A80  A$main$3960                        main
C:   00000A80  C$main.c$378$2$105                 main
C:   00000A82  A$main$3961                        main
C:   00000A85  A$main$3962                        main
C:   00000A87  A$main$3966                        main
C:   00000A87  C$main.c$379$3$106                 main
C:   00000A8A  A$main$3967                        main
C:   00000A8D  A$main$3968                        main
C:   00000A8F  A$main$3969                        main
C:   00000A91  A$main$3970                        main
C:   00000A94  A$main$3971                        main
C:   00000A96  A$main$3972                        main
C:   00000A98  A$main$3975                        main
C:   00000A98  C$main.c$380$3$106                 main
C:   00000A9A  A$main$3976                        main
C:   00000A9C  A$main$3977                        main
C:   00000A9E  A$main$3978                        main
C:   00000AA0  A$main$3979                        main
C:   00000AA2  A$main$3980                        main
C:   00000AA4  A$main$3981                        main
C:   00000AA7  A$main$3982                        main
C:   00000AA9  A$main$3983                        main
C:   00000AAB  A$main$3984                        main
ASxxxx Linker V03.00 + NoICE + sdld,  page 66.
Hexadecimal  [32-Bits]

Area                                    Addr        Size        Decimal Bytes (Attributes)
--------------------------------        ----        ----        ------- ----- ------------
CSEG                                000000F7    00000FD3 =        4051. bytes (REL,CON,CODE)

      Value  Global                              Global Defined In Module
      -----  --------------------------------   ------------------------
C:   00000AAD  A$main$3987                        main
C:   00000AAD  C$main.c$381$3$106                 main
C:   00000AAF  A$main$3988                        main
C:   00000AB1  A$main$3989                        main
C:   00000AB3  A$main$3990                        main
C:   00000AB5  A$main$3991                        main
C:   00000AB8  A$main$3992                        main
C:   00000ABA  A$main$3993                        main
C:   00000ABC  A$main$3994                        main
C:   00000ABE  A$main$3998                        main
C:   00000ABE  C$main.c$384$3$107                 main
C:   00000AC0  A$main$3999                        main
C:   00000AC2  A$main$4000                        main
C:   00000AC4  A$main$4001                        main
C:   00000AC6  A$main$4002                        main
C:   00000AC8  A$main$4003                        main
C:   00000ACA  A$main$4004                        main
C:   00000ACD  A$main$4005                        main
C:   00000ACF  A$main$4006                        main
C:   00000AD1  A$main$4007                        main
C:   00000AD3  A$main$4010                        main
C:   00000AD3  C$main.c$385$3$107                 main
C:   00000AD5  A$main$4011                        main
C:   00000AD7  A$main$4012                        main
C:   00000AD9  A$main$4013                        main
C:   00000ADB  A$main$4014                        main
C:   00000ADE  A$main$4015                        main
C:   00000AE0  A$main$4016                        main
C:   00000AE2  A$main$4017                        main
C:   00000AE4  A$main$4020                        main
C:   00000AE4  C$main.c$388$1$104                 main
C:   00000AE4  XG$main$0$0                        main
C:   00000AE5  _printf_fast_f                     printf_fast_f
C:   00000F66  fs_rshift_a                        _fsrshift
C:   00000FA9  __mulint                           _mulint
C:   00000FA9  __mulint_dummy                     _mulint
C:   00000FC6  __moduint                          _moduint
C:   00001013  __divuint                          _divuint
C:   0000103C  __gptrget                          _gptrget
C:   00001058  __modsint                          _modsint
C:   0000108E  __divsint                          _divsint
C:   000010C6  __sdcc_external_startup            _startup

ASxxxx Linker V03.00 + NoICE + sdld,  page 67.
Hexadecimal  [32-Bits]

Area                                    Addr        Size        Decimal Bytes (Attributes)
--------------------------------        ----        ----        ------- ----- ------------
CONST                               000010CA    0000047B =        1147. bytes (REL,CON,CODE)

      Value  Global                              Global Defined In Module
      -----  --------------------------------   ------------------------
C:   000010CA  G$fonte$0$0                        main
C:   000010CA  _fonte                             main
C:   000012AA  Fmain$__str_0$0$0                  main
C:   000012BB  Fmain$__str_1$0$0                  main
C:   000012C6  Fmain$__str_2$0$0                  main
C:   000012D6  Fmain$__str_3$0$0                  main
C:   000012E2  Fmain$__str_4$0$0                  main
C:   000012EB  Fmain$__str_5$0$0                  main
C:   000012FC  Fmain$__str_6$0$0                  main
C:   00001306  Fmain$__str_7$0$0                  main
C:   00001314  Fmain$__str_8$0$0                  main
C:   00001324  Fmain$__str_9$0$0                  main
C:   00001331  Fmain$__str_10$0$0                 main
C:   0000133F  Fmain$__str_11$0$0                 main
C:   0000134F  Fmain$__str_12$0$0                 main
C:   00001354  Fmain$__str_13$0$0                 main
C:   00001359  Fmain$__str_14$0$0                 main
C:   0000135F  Fmain$__str_15$0$0                 main
ASxxxx Linker V03.00 + NoICE + sdld,  page 68.

Files Linked                              [ module(s) ]

C:\Users\202019050169\Downloads\5-trabal-20240625T185940Z-001\5-trabal\main.rel
                                          [  ]


Libraries Linked                          [ object file ]

C:\Program Files\SDCC\bin\..\lib\small/libsdcc.lib
                                          [ printf_fast_f.rel ]
C:\Program Files\SDCC\bin\..\lib\small/mcs51.lib
                                          [ crtclear.rel ]
C:\Program Files\SDCC\bin\..\lib\small/libfloat.lib
                                          [ _fsrshift.rel ]
C:\Program Files\SDCC\bin\..\lib\small/mcs51.lib
                                          [ crtxinit.rel ]
C:\Program Files\SDCC\bin\..\lib\small/libint.lib
                                          [ _mulint.rel ]
C:\Program Files\SDCC\bin\..\lib\small/libint.lib
                                          [ _moduint.rel ]
C:\Program Files\SDCC\bin\..\lib\small/mcs51.lib
                                          [ crtxclear.rel ]
C:\Program Files\SDCC\bin\..\lib\small/libint.lib
                                          [ _divuint.rel ]
C:\Program Files\SDCC\bin\..\lib\small/libsdcc.lib
                                          [ _bp.rel ]
C:\Program Files\SDCC\bin\..\lib\small/mcs51.lib
                                          [ crtstart.rel ]
C:\Program Files\SDCC\bin\..\lib\small/libsdcc.lib
                                          [ _gptrget.rel ]
C:\Program Files\SDCC\bin\..\lib\small/libint.lib
                                          [ _modsint.rel ]
C:\Program Files\SDCC\bin\..\lib\small/libint.lib
                                          [ _divsint.rel ]
C:\Program Files\SDCC\bin\..\lib\small/libsdcc.lib
                                          [ _startup.rel ]

ASxxxx Linker V03.00 + NoICE + sdld,  page 69.

User Base Address Definitions

HOME = 0x0000
XSEG = 0x0001
PSEG = 0x0001
ISEG = 0x0000
BSEG = 0x0000

